---
source: crates/config/tests/oven_config.rs
expression: policy.models
---
[
  {
    "alias": "anthropic",
    "descriptor": {
      "identity": {
        "provider_id": "anthropic",
        "model_id": "arbitrary-anthropic-id"
      },
      "adapter_id": "oven.anthropic.messages",
      "capabilities": {
        "features": [],
        "limits": {
          "context": null,
          "input": null,
          "output": null
        },
        "modalities": {
          "input": [
            "text"
          ],
          "output": [
            "text"
          ]
        },
        "media": {
          "input": {}
        },
        "cancellation": "local_only",
        "compaction": "unsupported",
        "replay": {
          "policy": "never",
          "capability": "unsupported",
          "reasoning": false
        }
      },
      "provider_metadata": {}
    },
    "defaults": {
      "max_output_tokens": null,
      "temperature": null,
      "top_p": null,
      "reasoning_effort": null,
      "include_raw": false,
      "provider_options": {
        "anthropic": {
          "betas": [],
          "cache_control": null,
          "effort": null,
          "thinking": null,
          "user_id": null
        }
      }
    },
    "behavior_fingerprint": "[behavior fingerprint]",
    "configuration_fingerprint": "[fingerprint]"
  },
  {
    "alias": "openai_chat",
    "descriptor": {
      "identity": {
        "provider_id": "openai",
        "model_id": "arbitrary-chat-id"
      },
      "adapter_id": "oven.openai.chat",
      "capabilities": {
        "features": [],
        "limits": {
          "context": null,
          "input": null,
          "output": null
        },
        "modalities": {
          "input": [
            "text"
          ],
          "output": [
            "text"
          ]
        },
        "media": {
          "input": {}
        },
        "cancellation": "local_only",
        "compaction": "unsupported",
        "replay": {
          "policy": "never",
          "capability": "unsupported",
          "reasoning": false
        }
      },
      "provider_metadata": {}
    },
    "defaults": {
      "max_output_tokens": null,
      "temperature": null,
      "top_p": null,
      "reasoning_effort": null,
      "include_raw": false,
      "provider_options": {
        "openai": {
          "chat": {
            "parallel_tool_calls": null,
            "reasoning_effort": null,
            "service_tier": null,
            "user": null,
            "verbosity": null
          }
        }
      }
    },
    "behavior_fingerprint": "[behavior fingerprint]",
    "configuration_fingerprint": "[fingerprint]"
  },
  {
    "alias": "openai_responses",
    "descriptor": {
      "identity": {
        "provider_id": "openai",
        "model_id": "arbitrary-responses-id"
      },
      "adapter_id": "oven.openai.responses",
      "capabilities": {
        "features": [],
        "limits": {
          "context": null,
          "input": null,
          "output": null
        },
        "modalities": {
          "input": [
            "text"
          ],
          "output": [
            "text"
          ]
        },
        "media": {
          "input": {}
        },
        "cancellation": "local_only",
        "compaction": "unsupported",
        "replay": {
          "policy": "never",
          "capability": "unsupported",
          "reasoning": false
        }
      },
      "provider_metadata": {}
    },
    "defaults": {
      "max_output_tokens": null,
      "temperature": null,
      "top_p": null,
      "reasoning_effort": null,
      "include_raw": false,
      "provider_options": {
        "openai": {
          "responses": {
            "include": [],
            "parallel_tool_calls": null,
            "reasoning_mode": null,
            "reasoning_summary": null,
            "service_tier": null,
            "truncation": null,
            "user": null,
            "verbosity": null
          }
        }
      }
    },
    "behavior_fingerprint": "[behavior fingerprint]",
    "configuration_fingerprint": "[fingerprint]"
  },
  {
    "alias": "compatible",
    "descriptor": {
      "identity": {
        "provider_id": "local-gateway",
        "model_id": "arbitrary-compatible-id"
      },
      "adapter_id": "cookie.gateway.chat",
      "capabilities": {
        "features": [],
        "limits": {
          "context": null,
          "input": null,
          "output": null
        },
        "modalities": {
          "input": [
            "text"
          ],
          "output": [
            "text"
          ]
        },
        "media": {
          "input": {}
        },
        "cancellation": "local_only",
        "compaction": "unsupported",
        "replay": {
          "policy": "never",
          "capability": "unsupported",
          "reasoning": false
        }
      },
      "provider_metadata": {}
    },
    "defaults": {
      "max_output_tokens": 4096,
      "temperature": 0.25,
      "top_p": 0.8,
      "reasoning_effort": "medium",
      "include_raw": true,
      "provider_options": {
        "openai_compatible": {
          "extra_body": {
            "custom_flag": true
          }
        }
      }
    },
    "behavior_fingerprint": "[behavior fingerprint]",
    "configuration_fingerprint": "[fingerprint]"
  },
  {
    "alias": "google",
    "descriptor": {
      "identity": {
        "provider_id": "google",
        "model_id": "arbitrary-google-id"
      },
      "adapter_id": "oven.google.generate-content",
      "capabilities": {
        "features": [],
        "limits": {
          "context": null,
          "input": null,
          "output": null
        },
        "modalities": {
          "input": [
            "text"
          ],
          "output": [
            "text"
          ]
        },
        "media": {
          "input": {}
        },
        "cancellation": "local_only",
        "compaction": "unsupported",
        "replay": {
          "policy": "never",
          "capability": "unsupported",
          "reasoning": false
        }
      },
      "provider_metadata": {}
    },
    "defaults": {
      "max_output_tokens": null,
      "temperature": null,
      "top_p": null,
      "reasoning_effort": null,
      "include_raw": false,
      "provider_options": {
        "google": {
          "cachedContent": null,
          "frequencyPenalty": null,
          "presencePenalty": null,
          "providerTools": [],
          "safetySettings": [],
          "seed": null,
          "serviceTier": null,
          "stopSequences": [],
          "thinkingConfig": null,
          "topK": null
        }
      }
    },
    "behavior_fingerprint": "[behavior fingerprint]",
    "configuration_fingerprint": "[fingerprint]"
  },
  {
    "alias": "vertex",
    "descriptor": {
      "identity": {
        "provider_id": "google.vertex",
        "model_id": "arbitrary-vertex-id"
      },
      "adapter_id": "oven.google.vertex.generate-content",
      "capabilities": {
        "features": [],
        "limits": {
          "context": null,
          "input": null,
          "output": null
        },
        "modalities": {
          "input": [
            "text"
          ],
          "output": [
            "text"
          ]
        },
        "media": {
          "input": {}
        },
        "cancellation": "local_only",
        "compaction": "unsupported",
        "replay": {
          "policy": "never",
          "capability": "unsupported",
          "reasoning": false
        }
      },
      "provider_metadata": {}
    },
    "defaults": {
      "max_output_tokens": null,
      "temperature": null,
      "top_p": null,
      "reasoning_effort": null,
      "include_raw": false,
      "provider_options": {
        "google_vertex": {
          "cachedContent": null,
          "frequencyPenalty": null,
          "presencePenalty": null,
          "providerTools": [],
          "requestType": null,
          "safetySettings": [],
          "seed": null,
          "sharedRequestType": null,
          "stopSequences": [],
          "thinkingConfig": null,
          "topK": null
        }
      }
    },
    "behavior_fingerprint": "[behavior fingerprint]",
    "configuration_fingerprint": "[fingerprint]"
  },
  {
    "alias": "bedrock",
    "descriptor": {
      "identity": {
        "provider_id": "amazon.bedrock",
        "model_id": "arbitrary-bedrock-id"
      },
      "adapter_id": "oven.bedrock.converse",
      "capabilities": {
        "features": [],
        "limits": {
          "context": null,
          "input": null,
          "output": null
        },
        "modalities": {
          "input": [
            "text"
          ],
          "output": [
            "text"
          ]
        },
        "media": {
          "input": {}
        },
        "cancellation": "local_only",
        "compaction": "unsupported",
        "replay": {
          "policy": "never",
          "capability": "unsupported",
          "reasoning": false
        }
      },
      "provider_metadata": {
        "bedrock.region": "us-east-1"
      }
    },
    "defaults": {
      "max_output_tokens": null,
      "temperature": null,
      "top_p": null,
      "reasoning_effort": null,
      "include_raw": false,
      "provider_options": {
        "bedrock": {
          "additionalModelRequestFields": null,
          "additionalModelResponseFieldPaths": [],
          "guardrail": null,
          "maxReasoningEffort": null,
          "performanceLatency": null,
          "reasoningBudgetTokens": null,
          "reasoningDisplay": null,
          "reasoningType": null,
          "requestMetadata": {},
          "s3": null,
          "serviceTier": null,
          "stopSequences": []
        }
      }
    },
    "behavior_fingerprint": "[behavior fingerprint]",
    "configuration_fingerprint": "[fingerprint]"
  },
  {
    "alias": "azure_chat",
    "descriptor": {
      "identity": {
        "provider_id": "azure.openai",
        "model_id": "chat-deployment"
      },
      "adapter_id": "oven.azure.openai.chat",
      "capabilities": {
        "features": [],
        "limits": {
          "context": null,
          "input": null,
          "output": null
        },
        "modalities": {
          "input": [
            "text"
          ],
          "output": [
            "text"
          ]
        },
        "media": {
          "input": {}
        },
        "cancellation": "local_only",
        "compaction": "unsupported",
        "replay": {
          "policy": "never",
          "capability": "unsupported",
          "reasoning": false
        }
      },
      "provider_metadata": {}
    },
    "defaults": {
      "max_output_tokens": null,
      "temperature": null,
      "top_p": null,
      "reasoning_effort": null,
      "include_raw": false,
      "provider_options": {
        "azure_openai": {
          "chat": {
            "parallel_tool_calls": null,
            "reasoning_effort": null,
            "service_tier": null,
            "user": null,
            "verbosity": null
          }
        }
      }
    },
    "behavior_fingerprint": "[behavior fingerprint]",
    "configuration_fingerprint": "[fingerprint]"
  },
  {
    "alias": "azure_responses",
    "descriptor": {
      "identity": {
        "provider_id": "azure.openai",
        "model_id": "responses-deployment"
      },
      "adapter_id": "oven.azure.openai.responses",
      "capabilities": {
        "features": [],
        "limits": {
          "context": null,
          "input": null,
          "output": null
        },
        "modalities": {
          "input": [
            "text"
          ],
          "output": [
            "text"
          ]
        },
        "media": {
          "input": {}
        },
        "cancellation": "local_only",
        "compaction": "unsupported",
        "replay": {
          "policy": "never",
          "capability": "unsupported",
          "reasoning": false
        }
      },
      "provider_metadata": {}
    },
    "defaults": {
      "max_output_tokens": null,
      "temperature": null,
      "top_p": null,
      "reasoning_effort": null,
      "include_raw": false,
      "provider_options": {
        "azure_openai": {
          "responses": {
            "include": [],
            "parallel_tool_calls": null,
            "reasoning_mode": null,
            "reasoning_summary": null,
            "service_tier": null,
            "truncation": null,
            "user": null,
            "verbosity": null
          }
        }
      }
    },
    "behavior_fingerprint": "[behavior fingerprint]",
    "configuration_fingerprint": "[fingerprint]"
  },
  {
    "alias": "cohere",
    "descriptor": {
      "identity": {
        "provider_id": "cohere",
        "model_id": "arbitrary-cohere-id"
      },
      "adapter_id": "cohere.v2.chat",
      "capabilities": {
        "features": [],
        "limits": {
          "context": null,
          "input": null,
          "output": null
        },
        "modalities": {
          "input": [
            "text"
          ],
          "output": [
            "text"
          ]
        },
        "media": {
          "input": {}
        },
        "cancellation": "local_only",
        "compaction": "unsupported",
        "replay": {
          "policy": "never",
          "capability": "unsupported",
          "reasoning": false
        }
      },
      "provider_metadata": {}
    },
    "defaults": {
      "max_output_tokens": null,
      "temperature": null,
      "top_p": null,
      "reasoning_effort": null,
      "include_raw": false,
      "provider_options": {
        "cohere": {
          "citation_mode": null,
          "documents": [],
          "image_detail": null
        }
      }
    },
    "behavior_fingerprint": "[behavior fingerprint]",
    "configuration_fingerprint": "[fingerprint]"
  },
  {
    "alias": "open_responses",
    "descriptor": {
      "identity": {
        "provider_id": "standard-provider",
        "model_id": "arbitrary-standard-id"
      },
      "adapter_id": "open.responses.http_sse",
      "capabilities": {
        "features": [],
        "limits": {
          "context": null,
          "input": null,
          "output": null
        },
        "modalities": {
          "input": [
            "text"
          ],
          "output": [
            "text"
          ]
        },
        "media": {
          "input": {}
        },
        "cancellation": "local_only",
        "compaction": "unsupported",
        "replay": {
          "policy": "never",
          "capability": "unsupported",
          "reasoning": false
        }
      },
      "provider_metadata": {
        "open_responses.profile": "standard"
      }
    },
    "defaults": {
      "max_output_tokens": null,
      "temperature": null,
      "top_p": null,
      "reasoning_effort": null,
      "include_raw": false,
      "provider_options": {
        "open_responses": {
          "instructions": null,
          "max_tool_calls": null,
          "metadata": {},
          "prompt_cache_key": null,
          "safety_identifier": null,
          "service_tier": null,
          "text_verbosity": null,
          "truncation": null
        }
      }
    },
    "behavior_fingerprint": "[behavior fingerprint]",
    "configuration_fingerprint": "[fingerprint]"
  }
]
